../Core/Src/main.c:59:6:delay	16	static
../Core/Src/main.c:65:5:_write	24	static
../Core/Src/main.c:70:6:echoPulse	16	static
../Core/Src/main.c:112:6:HAL_TIM_IC_CaptureCallback	24	static
../Core/Src/main.c:165:5:main	40	static
../Core/Src/main.c:216:6:SystemClock_Config	88	static
../Core/Src/main.c:258:13:MX_I2C1_Init	8	static
../Core/Src/main.c:292:13:MX_TIM1_Init	48	static
../Core/Src/main.c:360:13:MX_USART2_UART_Init	8	static
../Core/Src/main.c:393:13:MX_GPIO_Init	40	static
../Core/Src/main.c:426:6:Error_Handler	4	static,ignoring_inline_asm
