14:36:44 **** Incremental Build of configuration Debug for project ultrasonic ****
make -j4 all 
arm-none-eabi-gcc "../Core/Src/main.c" -mcpu=cortex-m4 -std=gnu11 -g3 -DDEBUG -DUSE_HAL_DRIVER -DSTM32F407xx -c -I../Core/Inc -I../Drivers/STM32F4xx_HAL_Driver/Inc -I../Drivers/STM32F4xx_HAL_Driver/Inc/Legacy -I../Drivers/CMSIS/Device/ST/STM32F4xx/Include -I../Drivers/CMSIS/Include -O0 -ffunction-sections -fdata-sections -Wall -fstack-usage -fcyclomatic-complexity -MMD -MP -MF"Core/Src/main.d" -MT"Core/Src/main.o" --specs=nano.specs -mfpu=fpv4-sp-d16 -mfloat-abi=hard -mthumb -o "Core/Src/main.o"
../Core/Src/main.c: In function 'HAL_TIM_IC_CaptureCallback':
../Core/Src/main.c:130:41: warning: format '%d' expects argument of type 'int', but argument 3 has type 'uint32_t' {aka 'long unsigned int'} [-Wformat=]
  130 |   printf("first edge of %d ultrasonic: %d\r\n", idx, edge1Time[idx]);
      |                                        ~^            ~~~~~~~~~~~~~~
      |                                         |                     |
      |                                         int                   uint32_t {aka long unsigned int}
      |                                        %ld
../Core/Src/main.c:136:42: warning: format '%d' expects argument of type 'int', but argument 3 has type 'uint32_t' {aka 'long unsigned int'} [-Wformat=]
  136 |   printf("second edge of %d ultrasonic: %d\r\n", idx, edge2Time[idx]);
      |                                         ~^            ~~~~~~~~~~~~~~
      |                                          |                     |
      |                                          int                   uint32_t {aka long unsigned int}
      |                                         %ld
arm-none-eabi-gcc -o "ultrasonic.elf" @"objects.list"   -mcpu=cortex-m4 -T"D:\stm32\carOfMaze_@\ultrasonic\STM32F407VGTX_FLASH.ld" --specs=nosys.specs -Wl,-Map="ultrasonic.map" -Wl,--gc-sections -static --specs=nano.specs -mfpu=fpv4-sp-d16 -mfloat-abi=hard -mthumb -u _printf_float -Wl,--start-group -lc -lm -Wl,--end-group
Finished building target: ultrasonic.elf
 
arm-none-eabi-size   ultrasonic.elf 
arm-none-eabi-objdump -h -S  ultrasonic.elf  > "ultrasonic.list"
   text	   data	    bss	    dec	    hex	filename
  29756	    484	   1868	  32108	   7d6c	ultrasonic.elf
Finished building: default.size.stdout
 
Finished building: ultrasonic.list
 
14:36:59 **** Incremental Build of configuration Debug for project ultrasonic ****
make -j4 all 
arm-none-eabi-size   ultrasonic.elf 
   text	   data	    bss	    dec	    hex	filename
  29756	    484	   1868	  32108	   7d6c	ultrasonic.elf
Finished building: default.size.stdout
 
14:40:01 **** Incremental Build of configuration Debug for project ultrasonic ****
make -j4 all 
arm-none-eabi-gcc "../Core/Src/main.c" -mcpu=cortex-m4 -std=gnu11 -g3 -DDEBUG -DUSE_HAL_DRIVER -DSTM32F407xx -c -I../Core/Inc -I../Drivers/STM32F4xx_HAL_Driver/Inc -I../Drivers/STM32F4xx_HAL_Driver/Inc/Legacy -I../Drivers/CMSIS/Device/ST/STM32F4xx/Include -I../Drivers/CMSIS/Include -O0 -ffunction-sections -fdata-sections -Wall -fstack-usage -fcyclomatic-complexity -MMD -MP -MF"Core/Src/main.d" -MT"Core/Src/main.o" --specs=nano.specs -mfpu=fpv4-sp-d16 -mfloat-abi=hard -mthumb -o "Core/Src/main.o"
../Core/Src/main.c: In function 'echoPulse':
../Core/Src/main.c:95:16: error: expected expression before '{' token
   95 |  captureIdx[3]={0,0,0};
      |                ^
../Core/Src/main.c: In function 'HAL_TIM_IC_CaptureCallback':
../Core/Src/main.c:130:41: warning: format '%d' expects argument of type 'int', but argument 3 has type 'uint32_t' {aka 'long unsigned int'} [-Wformat=]
  130 |   printf("first edge of %d ultrasonic: %d\r\n", idx, edge1Time[idx]);
      |                                        ~^            ~~~~~~~~~~~~~~
      |                                         |                     |
      |                                         int                   uint32_t {aka long unsigned int}
      |                                        %ld
../Core/Src/main.c:136:42: warning: format '%d' expects argument of type 'int', but argument 3 has type 'uint32_t' {aka 'long unsigned int'} [-Wformat=]
  136 |   printf("second edge of %d ultrasonic: %d\r\n", idx, edge2Time[idx]);
      |                                         ~^            ~~~~~~~~~~~~~~
      |                                          |                     |
      |                                          int                   uint32_t {aka long unsigned int}
      |                                         %ld
make: *** [Core/Src/subdir.mk:37: Core/Src/main.o] Error 1
"make -j4 all" terminated with exit code 2. Build might be incomplete.
14:40:53 **** Incremental Build of configuration Debug for project ultrasonic ****
make -j4 all 
arm-none-eabi-gcc "../Core/Src/main.c" -mcpu=cortex-m4 -std=gnu11 -g3 -DDEBUG -DUSE_HAL_DRIVER -DSTM32F407xx -c -I../Core/Inc -I../Drivers/STM32F4xx_HAL_Driver/Inc -I../Drivers/STM32F4xx_HAL_Driver/Inc/Legacy -I../Drivers/CMSIS/Device/ST/STM32F4xx/Include -I../Drivers/CMSIS/Include -O0 -ffunction-sections -fdata-sections -Wall -fstack-usage -fcyclomatic-complexity -MMD -MP -MF"Core/Src/main.d" -MT"Core/Src/main.o" --specs=nano.specs -mfpu=fpv4-sp-d16 -mfloat-abi=hard -mthumb -o "Core/Src/main.o"
../Core/Src/main.c: In function 'HAL_TIM_IC_CaptureCallback':
../Core/Src/main.c:130:41: warning: format '%d' expects argument of type 'int', but argument 3 has type 'uint32_t' {aka 'long unsigned int'} [-Wformat=]
  130 |   printf("first edge of %d ultrasonic: %d\r\n", idx, edge1Time[idx]);
      |                                        ~^            ~~~~~~~~~~~~~~
      |                                         |                     |
      |                                         int                   uint32_t {aka long unsigned int}
      |                                        %ld
../Core/Src/main.c:136:42: warning: format '%d' expects argument of type 'int', but argument 3 has type 'uint32_t' {aka 'long unsigned int'} [-Wformat=]
  136 |   printf("second edge of %d ultrasonic: %d\r\n", idx, edge2Time[idx]);
      |                                         ~^            ~~~~~~~~~~~~~~
      |                                          |                     |
      |                                          int                   uint32_t {aka long unsigned int}
      |                                         %ld
arm-none-eabi-gcc -o "ultrasonic.elf" @"objects.list"   -mcpu=cortex-m4 -T"D:\stm32\carOfMaze_@\ultrasonic\STM32F407VGTX_FLASH.ld" --specs=nosys.specs -Wl,-Map="ultrasonic.map" -Wl,--gc-sections -static --specs=nano.specs -mfpu=fpv4-sp-d16 -mfloat-abi=hard -mthumb -u _printf_float -Wl,--start-group -lc -lm -Wl,--end-group
Finished building target: ultrasonic.elf
 
arm-none-eabi-size   ultrasonic.elf 
arm-none-eabi-objdump -h -S  ultrasonic.elf  > "ultrasonic.list"
   text	   data	    bss	    dec	    hex	filename
  29772	    484	   1868	  32124	   7d7c	ultrasonic.elf
Finished building: default.size.stdout
 
Finished building: ultrasonic.list
 
14:43:35 **** Incremental Build of configuration Debug for project ultrasonic ****
make -j4 all 
arm-none-eabi-gcc "../Core/Src/main.c" -mcpu=cortex-m4 -std=gnu11 -g3 -DDEBUG -DUSE_HAL_DRIVER -DSTM32F407xx -c -I../Core/Inc -I../Drivers/STM32F4xx_HAL_Driver/Inc -I../Drivers/STM32F4xx_HAL_Driver/Inc/Legacy -I../Drivers/CMSIS/Device/ST/STM32F4xx/Include -I../Drivers/CMSIS/Include -O0 -ffunction-sections -fdata-sections -Wall -fstack-usage -fcyclomatic-complexity -MMD -MP -MF"Core/Src/main.d" -MT"Core/Src/main.o" --specs=nano.specs -mfpu=fpv4-sp-d16 -mfloat-abi=hard -mthumb -o "Core/Src/main.o"
../Core/Src/main.c: In function 'HAL_TIM_IC_CaptureCallback':
../Core/Src/main.c:130:41: warning: format '%d' expects argument of type 'int', but argument 3 has type 'uint32_t' {aka 'long unsigned int'} [-Wformat=]
  130 |   printf("first edge of %d ultrasonic: %d\r\n", idx, edge1Time[idx]);
      |                                        ~^            ~~~~~~~~~~~~~~
      |                                         |                     |
      |                                         int                   uint32_t {aka long unsigned int}
      |                                        %ld
../Core/Src/main.c:136:42: warning: format '%d' expects argument of type 'int', but argument 3 has type 'uint32_t' {aka 'long unsigned int'} [-Wformat=]
  136 |   printf("second edge of %d ultrasonic: %d, icFlag: %d\r\n", idx, edge2Time[idx], icFlag);
      |                                         ~^                        ~~~~~~~~~~~~~~
      |                                          |                                 |
      |                                          int                               uint32_t {aka long unsigned int}
      |                                         %ld
arm-none-eabi-gcc -o "ultrasonic.elf" @"objects.list"   -mcpu=cortex-m4 -T"D:\stm32\carOfMaze_@\ultrasonic\STM32F407VGTX_FLASH.ld" --specs=nosys.specs -Wl,-Map="ultrasonic.map" -Wl,--gc-sections -static --specs=nano.specs -mfpu=fpv4-sp-d16 -mfloat-abi=hard -mthumb -u _printf_float -Wl,--start-group -lc -lm -Wl,--end-group
Finished building target: ultrasonic.elf
 
arm-none-eabi-size   ultrasonic.elf 
arm-none-eabi-objdump -h -S  ultrasonic.elf  > "ultrasonic.list"
   text	   data	    bss	    dec	    hex	filename
  29788	    484	   1868	  32140	   7d8c	ultrasonic.elf
Finished building: default.size.stdout
 
Finished building: ultrasonic.list
 
14:54:04 **** Incremental Build of configuration Debug for project ultrasonic ****
make -j4 all 
arm-none-eabi-gcc "../Core/Src/main.c" -mcpu=cortex-m4 -std=gnu11 -g3 -DDEBUG -DUSE_HAL_DRIVER -DSTM32F407xx -c -I../Core/Inc -I../Drivers/STM32F4xx_HAL_Driver/Inc -I../Drivers/STM32F4xx_HAL_Driver/Inc/Legacy -I../Drivers/CMSIS/Device/ST/STM32F4xx/Include -I../Drivers/CMSIS/Include -O0 -ffunction-sections -fdata-sections -Wall -fstack-usage -fcyclomatic-complexity -MMD -MP -MF"Core/Src/main.d" -MT"Core/Src/main.o" --specs=nano.specs -mfpu=fpv4-sp-d16 -mfloat-abi=hard -mthumb -o "Core/Src/main.o"
../Core/Src/main.c: In function 'HAL_TIM_IC_CaptureCallback':
../Core/Src/main.c:130:41: warning: format '%d' expects argument of type 'int', but argument 3 has type 'uint32_t' {aka 'long unsigned int'} [-Wformat=]
  130 |   printf("first edge of %d ultrasonic: %d\r\n", idx, edge1Time[idx]);
      |                                        ~^            ~~~~~~~~~~~~~~
      |                                         |                     |
      |                                         int                   uint32_t {aka long unsigned int}
      |                                        %ld
../Core/Src/main.c:136:42: warning: format '%d' expects argument of type 'int', but argument 3 has type 'uint32_t' {aka 'long unsigned int'} [-Wformat=]
  136 |   printf("second edge of %d ultrasonic: %d, icFlag: %d\r\n", idx, edge2Time[idx], icFlag);
      |                                         ~^                        ~~~~~~~~~~~~~~
      |                                          |                                 |
      |                                          int                               uint32_t {aka long unsigned int}
      |                                         %ld
arm-none-eabi-gcc -o "ultrasonic.elf" @"objects.list"   -mcpu=cortex-m4 -T"D:\stm32\carOfMaze_@\ultrasonic\STM32F407VGTX_FLASH.ld" --specs=nosys.specs -Wl,-Map="ultrasonic.map" -Wl,--gc-sections -static --specs=nano.specs -mfpu=fpv4-sp-d16 -mfloat-abi=hard -mthumb -u _printf_float -Wl,--start-group -lc -lm -Wl,--end-group
Finished building target: ultrasonic.elf
 
arm-none-eabi-size   ultrasonic.elf 
arm-none-eabi-objdump -h -S  ultrasonic.elf  > "ultrasonic.list"
   text	   data	    bss	    dec	    hex	filename
  29788	    484	   1868	  32140	   7d8c	ultrasonic.elf
Finished building: default.size.stdout
 
Finished building: ultrasonic.list
 
14:55:31 **** Incremental Build of configuration Debug for project ultrasonic ****
make -j4 all 
arm-none-eabi-gcc "../Core/Src/main.c" -mcpu=cortex-m4 -std=gnu11 -g3 -DDEBUG -DUSE_HAL_DRIVER -DSTM32F407xx -c -I../Core/Inc -I../Drivers/STM32F4xx_HAL_Driver/Inc -I../Drivers/STM32F4xx_HAL_Driver/Inc/Legacy -I../Drivers/CMSIS/Device/ST/STM32F4xx/Include -I../Drivers/CMSIS/Include -O0 -ffunction-sections -fdata-sections -Wall -fstack-usage -fcyclomatic-complexity -MMD -MP -MF"Core/Src/main.d" -MT"Core/Src/main.o" --specs=nano.specs -mfpu=fpv4-sp-d16 -mfloat-abi=hard -mthumb -o "Core/Src/main.o"
../Core/Src/main.c: In function 'HAL_TIM_IC_CaptureCallback':
../Core/Src/main.c:130:41: warning: format '%d' expects argument of type 'int', but argument 3 has type 'uint32_t' {aka 'long unsigned int'} [-Wformat=]
  130 |   printf("first edge of %d ultrasonic: %d\r\n", idx, edge1Time[idx]);
      |                                        ~^            ~~~~~~~~~~~~~~
      |                                         |                     |
      |                                         int                   uint32_t {aka long unsigned int}
      |                                        %ld
../Core/Src/main.c:136:42: warning: format '%d' expects argument of type 'int', but argument 3 has type 'uint32_t' {aka 'long unsigned int'} [-Wformat=]
  136 |   printf("second edge of %d ultrasonic: %d, icFlag: %d\r\n", idx, edge2Time[idx], icFlag);
      |                                         ~^                        ~~~~~~~~~~~~~~
      |                                          |                                 |
      |                                          int                               uint32_t {aka long unsigned int}
      |                                         %ld
arm-none-eabi-gcc -o "ultrasonic.elf" @"objects.list"   -mcpu=cortex-m4 -T"D:\stm32\carOfMaze_@\ultrasonic\STM32F407VGTX_FLASH.ld" --specs=nosys.specs -Wl,-Map="ultrasonic.map" -Wl,--gc-sections -static --specs=nano.specs -mfpu=fpv4-sp-d16 -mfloat-abi=hard -mthumb -u _printf_float -Wl,--start-group -lc -lm -Wl,--end-group
Finished building target: ultrasonic.elf
 
arm-none-eabi-size   ultrasonic.elf 
arm-none-eabi-objdump -h -S  ultrasonic.elf  > "ultrasonic.list"
   text	   data	    bss	    dec	    hex	filename
  29788	    484	   1868	  32140	   7d8c	ultrasonic.elf
Finished building: default.size.stdout
 
Finished building: ultrasonic.list
 
14:56:06 **** Incremental Build of configuration Debug for project ultrasonic ****
make -j4 all 
arm-none-eabi-gcc "../Core/Src/main.c" -mcpu=cortex-m4 -std=gnu11 -g3 -DDEBUG -DUSE_HAL_DRIVER -DSTM32F407xx -c -I../Core/Inc -I../Drivers/STM32F4xx_HAL_Driver/Inc -I../Drivers/STM32F4xx_HAL_Driver/Inc/Legacy -I../Drivers/CMSIS/Device/ST/STM32F4xx/Include -I../Drivers/CMSIS/Include -O0 -ffunction-sections -fdata-sections -Wall -fstack-usage -fcyclomatic-complexity -MMD -MP -MF"Core/Src/main.d" -MT"Core/Src/main.o" --specs=nano.specs -mfpu=fpv4-sp-d16 -mfloat-abi=hard -mthumb -o "Core/Src/main.o"
../Core/Src/main.c: In function 'HAL_TIM_IC_CaptureCallback':
../Core/Src/main.c:130:41: warning: format '%d' expects argument of type 'int', but argument 3 has type 'uint32_t' {aka 'long unsigned int'} [-Wformat=]
  130 |   printf("first edge of %d ultrasonic: %d\r\n", idx, edge1Time[idx]);
      |                                        ~^            ~~~~~~~~~~~~~~
      |                                         |                     |
      |                                         int                   uint32_t {aka long unsigned int}
      |                                        %ld
../Core/Src/main.c:136:42: warning: format '%d' expects argument of type 'int', but argument 3 has type 'uint32_t' {aka 'long unsigned int'} [-Wformat=]
  136 |   printf("second edge of %d ultrasonic: %d, icFlag: %d\r\n", idx, edge2Time[idx], icFlag);
      |                                         ~^                        ~~~~~~~~~~~~~~
      |                                          |                                 |
      |                                          int                               uint32_t {aka long unsigned int}
      |                                         %ld
arm-none-eabi-gcc -o "ultrasonic.elf" @"objects.list"   -mcpu=cortex-m4 -T"D:\stm32\carOfMaze_@\ultrasonic\STM32F407VGTX_FLASH.ld" --specs=nosys.specs -Wl,-Map="ultrasonic.map" -Wl,--gc-sections -static --specs=nano.specs -mfpu=fpv4-sp-d16 -mfloat-abi=hard -mthumb -u _printf_float -Wl,--start-group -lc -lm -Wl,--end-group
Finished building target: ultrasonic.elf
 
arm-none-eabi-size   ultrasonic.elf 
arm-none-eabi-objdump -h -S  ultrasonic.elf  > "ultrasonic.list"
   text	   data	    bss	    dec	    hex	filename
  29788	    484	   1868	  32140	   7d8c	ultrasonic.elf
Finished building: default.size.stdout
 
Finished building: ultrasonic.list
 
14:57:19 **** Incremental Build of configuration Debug for project ultrasonic ****
make -j4 all 
arm-none-eabi-gcc "../Core/Src/main.c" -mcpu=cortex-m4 -std=gnu11 -g3 -DDEBUG -DUSE_HAL_DRIVER -DSTM32F407xx -c -I../Core/Inc -I../Drivers/STM32F4xx_HAL_Driver/Inc -I../Drivers/STM32F4xx_HAL_Driver/Inc/Legacy -I../Drivers/CMSIS/Device/ST/STM32F4xx/Include -I../Drivers/CMSIS/Include -O0 -ffunction-sections -fdata-sections -Wall -fstack-usage -fcyclomatic-complexity -MMD -MP -MF"Core/Src/main.d" -MT"Core/Src/main.o" --specs=nano.specs -mfpu=fpv4-sp-d16 -mfloat-abi=hard -mthumb -o "Core/Src/main.o"
../Core/Src/main.c: In function 'HAL_TIM_IC_CaptureCallback':
../Core/Src/main.c:130:41: warning: format '%d' expects argument of type 'int', but argument 3 has type 'uint32_t' {aka 'long unsigned int'} [-Wformat=]
  130 |   printf("first edge of %d ultrasonic: %d\r\n", idx, edge1Time[idx]);
      |                                        ~^            ~~~~~~~~~~~~~~
      |                                         |                     |
      |                                         int                   uint32_t {aka long unsigned int}
      |                                        %ld
../Core/Src/main.c:136:42: warning: format '%d' expects argument of type 'int', but argument 3 has type 'uint32_t' {aka 'long unsigned int'} [-Wformat=]
  136 |   printf("second edge of %d ultrasonic: %d, icFlag: %d\r\n", idx, edge2Time[idx], icFlag);
      |                                         ~^                        ~~~~~~~~~~~~~~
      |                                          |                                 |
      |                                          int                               uint32_t {aka long unsigned int}
      |                                         %ld
arm-none-eabi-gcc -o "ultrasonic.elf" @"objects.list"   -mcpu=cortex-m4 -T"D:\stm32\carOfMaze_@\ultrasonic\STM32F407VGTX_FLASH.ld" --specs=nosys.specs -Wl,-Map="ultrasonic.map" -Wl,--gc-sections -static --specs=nano.specs -mfpu=fpv4-sp-d16 -mfloat-abi=hard -mthumb -u _printf_float -Wl,--start-group -lc -lm -Wl,--end-group
Finished building target: ultrasonic.elf
 
arm-none-eabi-size   ultrasonic.elf 
arm-none-eabi-objdump -h -S  ultrasonic.elf  > "ultrasonic.list"
   text	   data	    bss	    dec	    hex	filename
  29788	    484	   1868	  32140	   7d8c	ultrasonic.elf
Finished building: default.size.stdout
 
Finished building: ultrasonic.list
 
15:02:47 **** Incremental Build of configuration Debug for project ultrasonic ****
make -j4 all 
arm-none-eabi-gcc "../Core/Src/main.c" -mcpu=cortex-m4 -std=gnu11 -g3 -DDEBUG -DUSE_HAL_DRIVER -DSTM32F407xx -c -I../Core/Inc -I../Drivers/STM32F4xx_HAL_Driver/Inc -I../Drivers/STM32F4xx_HAL_Driver/Inc/Legacy -I../Drivers/CMSIS/Device/ST/STM32F4xx/Include -I../Drivers/CMSIS/Include -O0 -ffunction-sections -fdata-sections -Wall -fstack-usage -fcyclomatic-complexity -MMD -MP -MF"Core/Src/main.d" -MT"Core/Src/main.o" --specs=nano.specs -mfpu=fpv4-sp-d16 -mfloat-abi=hard -mthumb -o "Core/Src/main.o"
../Core/Src/main.c: In function 'HAL_TIM_IC_CaptureCallback':
../Core/Src/main.c:130:41: warning: format '%d' expects argument of type 'int', but argument 3 has type 'uint32_t' {aka 'long unsigned int'} [-Wformat=]
  130 |   printf("first edge of %d ultrasonic: %d\r\n", idx, edge1Time[idx]);
      |                                        ~^            ~~~~~~~~~~~~~~
      |                                         |                     |
      |                                         int                   uint32_t {aka long unsigned int}
      |                                        %ld
../Core/Src/main.c:137:42: warning: format '%d' expects argument of type 'int', but argument 3 has type 'uint32_t' {aka 'long unsigned int'} [-Wformat=]
  137 |   printf("second edge of %d ultrasonic: %d, icFlag: %d\r\n", idx, edge2Time[idx], icFlag);
      |                                         ~^                        ~~~~~~~~~~~~~~
      |                                          |                                 |
      |                                          int                               uint32_t {aka long unsigned int}
      |                                         %ld
arm-none-eabi-gcc -o "ultrasonic.elf" @"objects.list"   -mcpu=cortex-m4 -T"D:\stm32\carOfMaze_@\ultrasonic\STM32F407VGTX_FLASH.ld" --specs=nosys.specs -Wl,-Map="ultrasonic.map" -Wl,--gc-sections -static --specs=nano.specs -mfpu=fpv4-sp-d16 -mfloat-abi=hard -mthumb -u _printf_float -Wl,--start-group -lc -lm -Wl,--end-group
Finished building target: ultrasonic.elf
 
arm-none-eabi-size   ultrasonic.elf 
arm-none-eabi-objdump -h -S  ultrasonic.elf  > "ultrasonic.list"
   text	   data	    bss	    dec	    hex	filename
  30164	    484	   1868	  32516	   7f04	ultrasonic.elf
Finished building: default.size.stdout
 
Finished building: ultrasonic.list
 
15:03:11 **** Incremental Build of configuration Debug for project ultrasonic ****
make -j4 all 
arm-none-eabi-size   ultrasonic.elf 
   text	   data	    bss	    dec	    hex	filename
  30164	    484	   1868	  32516	   7f04	ultrasonic.elf
Finished building: default.size.stdout
 
15:04:09 **** Incremental Build of configuration Debug for project ultrasonic ****
make -j4 all 
arm-none-eabi-gcc "../Core/Src/main.c" -mcpu=cortex-m4 -std=gnu11 -g3 -DDEBUG -DUSE_HAL_DRIVER -DSTM32F407xx -c -I../Core/Inc -I../Drivers/STM32F4xx_HAL_Driver/Inc -I../Drivers/STM32F4xx_HAL_Driver/Inc/Legacy -I../Drivers/CMSIS/Device/ST/STM32F4xx/Include -I../Drivers/CMSIS/Include -O0 -ffunction-sections -fdata-sections -Wall -fstack-usage -fcyclomatic-complexity -MMD -MP -MF"Core/Src/main.d" -MT"Core/Src/main.o" --specs=nano.specs -mfpu=fpv4-sp-d16 -mfloat-abi=hard -mthumb -o "Core/Src/main.o"
arm-none-eabi-gcc -o "ultrasonic.elf" @"objects.list"   -mcpu=cortex-m4 -T"D:\stm32\carOfMaze_@\ultrasonic\STM32F407VGTX_FLASH.ld" --specs=nosys.specs -Wl,-Map="ultrasonic.map" -Wl,--gc-sections -static --specs=nano.specs -mfpu=fpv4-sp-d16 -mfloat-abi=hard -mthumb -u _printf_float -Wl,--start-group -lc -lm -Wl,--end-group
Finished building target: ultrasonic.elf
 
arm-none-eabi-size   ultrasonic.elf 
arm-none-eabi-objdump -h -S  ultrasonic.elf  > "ultrasonic.list"
   text	   data	    bss	    dec	    hex	filename
  30004	    484	   1868	  32356	   7e64	ultrasonic.elf
Finished building: default.size.stdout
 
Finished building: ultrasonic.list
 
